{
  "version": "1.5.0",
  "plugins_used": [
    {
      "name": "ArtifactoryDetector"
    },
    {
      "name": "AWSKeyDetector"
    },
    {
      "name": "AzureStorageKeyDetector"
    },
    {
      "name": "Base64HighEntropyString",
      "limit": 4.5
    },
    {
      "name": "BasicAuthDetector"
    },
    {
      "name": "CloudantDetector"
    },
    {
      "name": "DiscordBotTokenDetector"
    },
    {
      "name": "GitHubTokenDetector"
    },
    {
      "name": "GitLabTokenDetector"
    },
    {
      "name": "HexHighEntropyString",
      "limit": 3.0
    },
    {
      "name": "IbmCloudIamDetector"
    },
    {
      "name": "IbmCosHmacDetector"
    },
    {
      "name": "IPPublicDetector"
    },
    {
      "name": "JwtTokenDetector"
    },
    {
      "name": "KeywordDetector",
      "keyword_exclude": ""
    },
    {
      "name": "MailchimpDetector"
    },
    {
      "name": "NpmDetector"
    },
    {
      "name": "OpenAIDetector"
    },
    {
      "name": "PrivateKeyDetector"
    },
    {
      "name": "PypiTokenDetector"
    },
    {
      "name": "SendGridDetector"
    },
    {
      "name": "SlackDetector"
    },
    {
      "name": "SoftlayerDetector"
    },
    {
      "name": "SquareOAuthDetector"
    },
    {
      "name": "StripeDetector"
    },
    {
      "name": "TelegramBotTokenDetector"
    },
    {
      "name": "TwilioKeyDetector"
    }
  ],
  "filters_used": [
    {
      "path": "detect_secrets.filters.allowlist.is_line_allowlisted"
    },
    {
      "path": "detect_secrets.filters.common.is_baseline_file",
      "filename": ".secrets.baseline"
    },
    {
      "path": "detect_secrets.filters.common.is_ignored_due_to_verification_policies",
      "min_level": 2
    },
    {
      "path": "detect_secrets.filters.heuristic.is_indirect_reference"
    },
    {
      "path": "detect_secrets.filters.heuristic.is_likely_id_string"
    },
    {
      "path": "detect_secrets.filters.heuristic.is_lock_file"
    },
    {
      "path": "detect_secrets.filters.heuristic.is_not_alphanumeric_string"
    },
    {
      "path": "detect_secrets.filters.heuristic.is_potential_uuid"
    },
    {
      "path": "detect_secrets.filters.heuristic.is_prefixed_with_dollar_sign"
    },
    {
      "path": "detect_secrets.filters.heuristic.is_sequential_string"
    },
    {
      "path": "detect_secrets.filters.heuristic.is_swagger_file"
    },
    {
      "path": "detect_secrets.filters.heuristic.is_templated_secret"
    }
  ],
  "results": {
    ".agents/skills/supabase-postgres-best-practices/references/security-privileges.md": [
      {
        "type": "Secret Keyword",
        "filename": ".agents/skills/supabase-postgres-best-practices/references/security-privileges.md",
        "hashed_secret": "b60d121b438a380c343d5ec3c2037564b82ffef3",
        "is_verified": false,
        "line_number": 44
      }
    ],
    ".benchmarks/Linux-CPython-3.13-64bit/0001_baseline_v1.json": [
      {
        "type": "Hex High Entropy String",
        "filename": ".benchmarks/Linux-CPython-3.13-64bit/0001_baseline_v1.json",
        "hashed_secret": "4dd7ae328c626968376570bd8347aec6dbb9e0ec",
        "is_verified": false,
        "line_number": 200
      }
    ],
    "openspec/changes/archive/2026-05-20-refactor-anti-overengineering/baseline/smoke_b3.json": [
      {
        "type": "Hex High Entropy String",
        "filename": "openspec/changes/archive/2026-05-20-refactor-anti-overengineering/baseline/smoke_b3.json",
        "hashed_secret": "66f7bb03631d6be30f6ccf40c8e695be0cd92211",
        "is_verified": false,
        "line_number": 30
      }
    ],
    "openspec/changes/archive/2026-05-20-refactor-anti-overengineering/baseline/smoke_cvm.json": [
      {
        "type": "Hex High Entropy String",
        "filename": "openspec/changes/archive/2026-05-20-refactor-anti-overengineering/baseline/smoke_cvm.json",
        "hashed_secret": "e48bc650c5437bf1ba7941e8f9db86783193d82f",
        "is_verified": false,
        "line_number": 14
      }
    ],
    "src/globaldatafinance/brazil/b3_data/Dados_B3_Acoes/Percentual_ibov/cookies_percentual_ibov.py": [
      {
        "type": "Base64 High Entropy String",
        "filename": "src/globaldatafinance/brazil/b3_data/Dados_B3_Acoes/Percentual_ibov/cookies_percentual_ibov.py",
        "hashed_secret": "679d9a3be8a10252c735893c4c1d3ffe511f89c6",
        "is_verified": false,
        "line_number": 4
      },
      {
        "type": "Hex High Entropy String",
        "filename": "src/globaldatafinance/brazil/b3_data/Dados_B3_Acoes/Percentual_ibov/cookies_percentual_ibov.py",
        "hashed_secret": "9d5f838bd014c71ad5cb2f5bd2c5ee29669c6d0e",
        "is_verified": false,
        "line_number": 11
      },
      {
        "type": "Hex High Entropy String",
        "filename": "src/globaldatafinance/brazil/b3_data/Dados_B3_Acoes/Percentual_ibov/cookies_percentual_ibov.py",
        "hashed_secret": "2b227ffc05225b2daba2251f7e5e0c6bca5b9479",
        "is_verified": false,
        "line_number": 14
      },
      {
        "type": "Hex High Entropy String",
        "filename": "src/globaldatafinance/brazil/b3_data/Dados_B3_Acoes/Percentual_ibov/cookies_percentual_ibov.py",
        "hashed_secret": "d161664dd79b49c72d5cb6024eec3797afcdfbcf",
        "is_verified": false,
        "line_number": 15
      }
    ],
    "src/globaldatafinance/brazil/b3_data/Dados_B3_Acoes/Vol_Ativos/cookies_vol.py": [
      {
        "type": "Hex High Entropy String",
        "filename": "src/globaldatafinance/brazil/b3_data/Dados_B3_Acoes/Vol_Ativos/cookies_vol.py",
        "hashed_secret": "f76f45d71b8e0feea3d28bb20d7712ba881005ae",
        "is_verified": false,
        "line_number": 8
      },
      {
        "type": "Hex High Entropy String",
        "filename": "src/globaldatafinance/brazil/b3_data/Dados_B3_Acoes/Vol_Ativos/cookies_vol.py",
        "hashed_secret": "2e331aa99bfb53b68a7b6d11482472ea89beee2a",
        "is_verified": false,
        "line_number": 10
      },
      {
        "type": "Hex High Entropy String",
        "filename": "src/globaldatafinance/brazil/b3_data/Dados_B3_Acoes/Vol_Ativos/cookies_vol.py",
        "hashed_secret": "892a2d46c485084329e8980acf6e6ac785d9f6f4",
        "is_verified": false,
        "line_number": 11
      },
      {
        "type": "Hex High Entropy String",
        "filename": "src/globaldatafinance/brazil/b3_data/Dados_B3_Acoes/Vol_Ativos/cookies_vol.py",
        "hashed_secret": "e6453e2a439571f854ddd4df59bf97ac2b7f269a",
        "is_verified": false,
        "line_number": 15
      }
    ],
    "src/globaldatafinance/brazil/b3_data/Dados_B3_FIIs/Percentual_IFIX/cookies_ifix.py": [
      {
        "type": "Base64 High Entropy String",
        "filename": "src/globaldatafinance/brazil/b3_data/Dados_B3_FIIs/Percentual_IFIX/cookies_ifix.py",
        "hashed_secret": "679d9a3be8a10252c735893c4c1d3ffe511f89c6",
        "is_verified": false,
        "line_number": 4
      },
      {
        "type": "Hex High Entropy String",
        "filename": "src/globaldatafinance/brazil/b3_data/Dados_B3_FIIs/Percentual_IFIX/cookies_ifix.py",
        "hashed_secret": "e9d18835247423744855ca5f330b93a5b107c0f6",
        "is_verified": false,
        "line_number": 7
      },
      {
        "type": "Hex High Entropy String",
        "filename": "src/globaldatafinance/brazil/b3_data/Dados_B3_FIIs/Percentual_IFIX/cookies_ifix.py",
        "hashed_secret": "f9c2054e4120a71a6402747f75efe523c602be81",
        "is_verified": false,
        "line_number": 10
      },
      {
        "type": "Hex High Entropy String",
        "filename": "src/globaldatafinance/brazil/b3_data/Dados_B3_FIIs/Percentual_IFIX/cookies_ifix.py",
        "hashed_secret": "56f7d861b1e09efe9bac895480a98d0efc1aeab9",
        "is_verified": false,
        "line_number": 16
      }
    ],
    "src/globaldatafinance/brazil/b3_data/Opcoes_B3/Tabela_Ops_Abertas/cookies_opcoes2.py": [
      {
        "type": "Hex High Entropy String",
        "filename": "src/globaldatafinance/brazil/b3_data/Opcoes_B3/Tabela_Ops_Abertas/cookies_opcoes2.py",
        "hashed_secret": "8785e912e6691a860c7f2c93cafcf8baf4260b07",
        "is_verified": false,
        "line_number": 15
      },
      {
        "type": "Base64 High Entropy String",
        "filename": "src/globaldatafinance/brazil/b3_data/Opcoes_B3/Tabela_Ops_Abertas/cookies_opcoes2.py",
        "hashed_secret": "3125890468af042de6af3f3e10ccdca08f91ebbd",
        "is_verified": false,
        "line_number": 17
      },
      {
        "type": "Hex High Entropy String",
        "filename": "src/globaldatafinance/brazil/b3_data/Opcoes_B3/Tabela_Ops_Abertas/cookies_opcoes2.py",
        "hashed_secret": "c8ea621f157f1bfe93fb7e9617f8e10dabb37e64",
        "is_verified": false,
        "line_number": 18
      },
      {
        "type": "Base64 High Entropy String",
        "filename": "src/globaldatafinance/brazil/b3_data/Opcoes_B3/Tabela_Ops_Abertas/cookies_opcoes2.py",
        "hashed_secret": "283acf8d7fc7ca3ce4441e04b83911e2e261bf21",
        "is_verified": false,
        "line_number": 28
      },
      {
        "type": "Hex High Entropy String",
        "filename": "src/globaldatafinance/brazil/b3_data/Opcoes_B3/Tabela_Ops_Abertas/cookies_opcoes2.py",
        "hashed_secret": "4e1a5480066cd630674a0eb9d5bcbfd34c50cac8",
        "is_verified": false,
        "line_number": 36
      }
    ],
    "src/globaldatafinance/brazil/b3_data/Opcoes_B3/Tabela_Todas_Ops/cookies_opcoes1.py": [
      {
        "type": "Hex High Entropy String",
        "filename": "src/globaldatafinance/brazil/b3_data/Opcoes_B3/Tabela_Todas_Ops/cookies_opcoes1.py",
        "hashed_secret": "8785e912e6691a860c7f2c93cafcf8baf4260b07",
        "is_verified": false,
        "line_number": 14
      },
      {
        "type": "Base64 High Entropy String",
        "filename": "src/globaldatafinance/brazil/b3_data/Opcoes_B3/Tabela_Todas_Ops/cookies_opcoes1.py",
        "hashed_secret": "3125890468af042de6af3f3e10ccdca08f91ebbd",
        "is_verified": false,
        "line_number": 16
      },
      {
        "type": "Hex High Entropy String",
        "filename": "src/globaldatafinance/brazil/b3_data/Opcoes_B3/Tabela_Todas_Ops/cookies_opcoes1.py",
        "hashed_secret": "c8ea621f157f1bfe93fb7e9617f8e10dabb37e64",
        "is_verified": false,
        "line_number": 17
      },
      {
        "type": "Base64 High Entropy String",
        "filename": "src/globaldatafinance/brazil/b3_data/Opcoes_B3/Tabela_Todas_Ops/cookies_opcoes1.py",
        "hashed_secret": "283acf8d7fc7ca3ce4441e04b83911e2e261bf21",
        "is_verified": false,
        "line_number": 30
      },
      {
        "type": "Hex High Entropy String",
        "filename": "src/globaldatafinance/brazil/b3_data/Opcoes_B3/Tabela_Todas_Ops/cookies_opcoes1.py",
        "hashed_secret": "d6f658cc951ab66e55bbf0634c492e203dac2c7d",
        "is_verified": false,
        "line_number": 33
      }
    ],
    "tests/brazil/cvm/fundamental_stocks_data/domain/test_download_result.py": [
      {
        "type": "Secret Keyword",
        "filename": "tests/brazil/cvm/fundamental_stocks_data/domain/test_download_result.py",
        "hashed_secret": "6de75c6e7e647eff88f07baa155d07f81bac304a",
        "is_verified": false,
        "line_number": 452
      }
    ]
  },
  "generated_at": "2026-05-20T19:14:24Z"
}
