{
  "version": "1.5.0",
  "plugins_used": [
    {
      "name": "ArtifactoryDetector"
    },
    {
      "name": "AWSKeyDetector"
    },
    {
      "name": "AzureStorageKeyDetector"
    },
    {
      "name": "Base64HighEntropyString",
      "limit": 4.5
    },
    {
      "name": "BasicAuthDetector"
    },
    {
      "name": "CloudantDetector"
    },
    {
      "name": "DiscordBotTokenDetector"
    },
    {
      "name": "GitHubTokenDetector"
    },
    {
      "name": "GitLabTokenDetector"
    },
    {
      "name": "HexHighEntropyString",
      "limit": 3.0
    },
    {
      "name": "IbmCloudIamDetector"
    },
    {
      "name": "IbmCosHmacDetector"
    },
    {
      "name": "IPPublicDetector"
    },
    {
      "name": "JwtTokenDetector"
    },
    {
      "name": "KeywordDetector",
      "keyword_exclude": ""
    },
    {
      "name": "MailchimpDetector"
    },
    {
      "name": "NpmDetector"
    },
    {
      "name": "OpenAIDetector"
    },
    {
      "name": "PrivateKeyDetector"
    },
    {
      "name": "PypiTokenDetector"
    },
    {
      "name": "SendGridDetector"
    },
    {
      "name": "SlackDetector"
    },
    {
      "name": "SoftlayerDetector"
    },
    {
      "name": "SquareOAuthDetector"
    },
    {
      "name": "StripeDetector"
    },
    {
      "name": "TelegramBotTokenDetector"
    },
    {
      "name": "TwilioKeyDetector"
    }
  ],
  "filters_used": [
    {
      "path": "detect_secrets.filters.allowlist.is_line_allowlisted"
    },
    {
      "path": "detect_secrets.filters.common.is_baseline_file",
      "filename": ".secrets.baseline"
    },
    {
      "path": "detect_secrets.filters.common.is_ignored_due_to_verification_policies",
      "min_level": 2
    },
    {
      "path": "detect_secrets.filters.heuristic.is_indirect_reference"
    },
    {
      "path": "detect_secrets.filters.heuristic.is_likely_id_string"
    },
    {
      "path": "detect_secrets.filters.heuristic.is_lock_file"
    },
    {
      "path": "detect_secrets.filters.heuristic.is_not_alphanumeric_string"
    },
    {
      "path": "detect_secrets.filters.heuristic.is_potential_uuid"
    },
    {
      "path": "detect_secrets.filters.heuristic.is_prefixed_with_dollar_sign"
    },
    {
      "path": "detect_secrets.filters.heuristic.is_sequential_string"
    },
    {
      "path": "detect_secrets.filters.heuristic.is_swagger_file"
    },
    {
      "path": "detect_secrets.filters.heuristic.is_templated_secret"
    }
  ],
  "results": {
    ".agents/skills/supabase-postgres-best-practices/references/security-privileges.md": [
      {
        "type": "Secret Keyword",
        "filename": ".agents/skills/supabase-postgres-best-practices/references/security-privileges.md",
        "hashed_secret": "b60d121b438a380c343d5ec3c2037564b82ffef3",
        "is_verified": false,
        "line_number": 44
      }
    ],
    ".benchmarks/Linux-CPython-3.13-64bit/0001_baseline_v1.json": [
      {
        "type": "Hex High Entropy String",
        "filename": ".benchmarks/Linux-CPython-3.13-64bit/0001_baseline_v1.json",
        "hashed_secret": "4dd7ae328c626968376570bd8347aec6dbb9e0ec",
        "is_verified": false,
        "line_number": 200
      }
    ],
    "openspec/changes/archive/2026-05-20-refactor-anti-overengineering/baseline/smoke_b3.json": [
      {
        "type": "Hex High Entropy String",
        "filename": "openspec/changes/archive/2026-05-20-refactor-anti-overengineering/baseline/smoke_b3.json",
        "hashed_secret": "66f7bb03631d6be30f6ccf40c8e695be0cd92211",
        "is_verified": false,
        "line_number": 30
      }
    ],
    "openspec/changes/archive/2026-05-20-refactor-anti-overengineering/baseline/smoke_cvm.json": [
      {
        "type": "Hex High Entropy String",
        "filename": "openspec/changes/archive/2026-05-20-refactor-anti-overengineering/baseline/smoke_cvm.json",
        "hashed_secret": "e48bc650c5437bf1ba7941e8f9db86783193d82f",
        "is_verified": false,
        "line_number": 14
      }
    ],
    "tests/brazil/cvm/fundamental_stocks_data/domain/test_download_result.py": [
      {
        "type": "Secret Keyword",
        "filename": "tests/brazil/cvm/fundamental_stocks_data/domain/test_download_result.py",
        "hashed_secret": "6de75c6e7e647eff88f07baa155d07f81bac304a",
        "is_verified": false,
        "line_number": 474
      }
    ]
  },
  "generated_at": "2026-05-27T18:14:42Z"
}
